// Jest Snapshot v1, https://goo.gl/fbAQLP

exports[`SignUp tests renders the SignUp with the correct props 1`] = `
ShallowWrapper {
  Symbol(enzyme.__root__): [Circular],
  Symbol(enzyme.__unrendered__): <SignUp
    setActiveUser={[Function]}
    user={
        Object {
            "name": "Taylor",
            "user_id": 1,
          }
    }
/>,
  Symbol(enzyme.__renderer__): Object {
    "batchedUpdates": [Function],
    "getNode": [Function],
    "render": [Function],
    "simulateEvent": [Function],
    "unmount": [Function],
  },
  Symbol(enzyme.__node__): Object {
    "instance": null,
    "key": undefined,
    "nodeType": "host",
    "props": Object {
      "children": <form
        className="user-login"
        onSubmit={[Function]}
>
        <h2
                className="log-header"
        >
                Sign Up
        </h2>
        <input
                className="input-field"
                name="userName"
                onChange={[Function]}
                placeholder="username"
                value=""
        />
        <input
                className="input-field"
                name="email"
                onChange={[Function]}
                placeholder="email"
                type="email"
                value=""
        />
        <input
                className="input-field"
                name="password"
                onChange={[Function]}
                placeholder="password"
                type="password"
                value=""
        />
        <button
                className="signup-button"
        >
                SignUp
        </button>
        <div
                className="button-wrap"
        >
                <Link
                        replace={false}
                        to="/login"
                >
                        <button
                                className="account-redirect"
                        >
                                Already Have an Account?
                        </button>
                </Link>
                <Link
                        replace={false}
                        to="/"
                >
                        <button
                                className="home-redirect"
                        >
                                Home
                        </button>
                </Link>
        </div>
</form>,
    },
    "ref": null,
    "rendered": Object {
      "instance": null,
      "key": undefined,
      "nodeType": "host",
      "props": Object {
        "children": Array [
          <h2
            className="log-header"
>
            Sign Up
</h2>,
          <input
            className="input-field"
            name="userName"
            onChange={[Function]}
            placeholder="username"
            value=""
/>,
          <input
            className="input-field"
            name="email"
            onChange={[Function]}
            placeholder="email"
            type="email"
            value=""
/>,
          <input
            className="input-field"
            name="password"
            onChange={[Function]}
            placeholder="password"
            type="password"
            value=""
/>,
          <button
            className="signup-button"
>
            SignUp
</button>,
          <div
            className="button-wrap"
>
            <Link
                        replace={false}
                        to="/login"
            >
                        <button
                                    className="account-redirect"
                        >
                                    Already Have an Account?
                        </button>
            </Link>
            <Link
                        replace={false}
                        to="/"
            >
                        <button
                                    className="home-redirect"
                        >
                                    Home
                        </button>
            </Link>
</div>,
        ],
        "className": "user-login",
        "onSubmit": [Function],
      },
      "ref": null,
      "rendered": Array [
        Object {
          "instance": null,
          "key": undefined,
          "nodeType": "host",
          "props": Object {
            "children": "Sign Up",
            "className": "log-header",
          },
          "ref": null,
          "rendered": "Sign Up",
          "type": "h2",
        },
        Object {
          "instance": null,
          "key": undefined,
          "nodeType": "host",
          "props": Object {
            "className": "input-field",
            "name": "userName",
            "onChange": [Function],
            "placeholder": "username",
            "value": "",
          },
          "ref": null,
          "rendered": null,
          "type": "input",
        },
        Object {
          "instance": null,
          "key": undefined,
          "nodeType": "host",
          "props": Object {
            "className": "input-field",
            "name": "email",
            "onChange": [Function],
            "placeholder": "email",
            "type": "email",
            "value": "",
          },
          "ref": null,
          "rendered": null,
          "type": "input",
        },
        Object {
          "instance": null,
          "key": undefined,
          "nodeType": "host",
          "props": Object {
            "className": "input-field",
            "name": "password",
            "onChange": [Function],
            "placeholder": "password",
            "type": "password",
            "value": "",
          },
          "ref": null,
          "rendered": null,
          "type": "input",
        },
        Object {
          "instance": null,
          "key": undefined,
          "nodeType": "host",
          "props": Object {
            "children": "SignUp",
            "className": "signup-button",
          },
          "ref": null,
          "rendered": "SignUp",
          "type": "button",
        },
        Object {
          "instance": null,
          "key": undefined,
          "nodeType": "host",
          "props": Object {
            "children": Array [
              <Link
                replace={false}
                to="/login"
>
                <button
                                className="account-redirect"
                >
                                Already Have an Account?
                </button>
</Link>,
              <Link
                replace={false}
                to="/"
>
                <button
                                className="home-redirect"
                >
                                Home
                </button>
</Link>,
              false,
            ],
            "className": "button-wrap",
          },
          "ref": null,
          "rendered": Array [
            Object {
              "instance": null,
              "key": undefined,
              "nodeType": "class",
              "props": Object {
                "children": <button
                  className="account-redirect"
>
                  Already Have an Account?
</button>,
                "replace": false,
                "to": "/login",
              },
              "ref": null,
              "rendered": Object {
                "instance": null,
                "key": undefined,
                "nodeType": "host",
                "props": Object {
                  "children": "Already Have an Account?",
                  "className": "account-redirect",
                },
                "ref": null,
                "rendered": "Already Have an Account?",
                "type": "button",
              },
              "type": [Function],
            },
            Object {
              "instance": null,
              "key": undefined,
              "nodeType": "class",
              "props": Object {
                "children": <button
                  className="home-redirect"
>
                  Home
</button>,
                "replace": false,
                "to": "/",
              },
              "ref": null,
              "rendered": Object {
                "instance": null,
                "key": undefined,
                "nodeType": "host",
                "props": Object {
                  "children": "Home",
                  "className": "home-redirect",
                },
                "ref": null,
                "rendered": "Home",
                "type": "button",
              },
              "type": [Function],
            },
            false,
          ],
          "type": "div",
        },
      ],
      "type": "form",
    },
    "type": "div",
  },
  Symbol(enzyme.__nodes__): Array [
    Object {
      "instance": null,
      "key": undefined,
      "nodeType": "host",
      "props": Object {
        "children": <form
          className="user-login"
          onSubmit={[Function]}
>
          <h2
                    className="log-header"
          >
                    Sign Up
          </h2>
          <input
                    className="input-field"
                    name="userName"
                    onChange={[Function]}
                    placeholder="username"
                    value=""
          />
          <input
                    className="input-field"
                    name="email"
                    onChange={[Function]}
                    placeholder="email"
                    type="email"
                    value=""
          />
          <input
                    className="input-field"
                    name="password"
                    onChange={[Function]}
                    placeholder="password"
                    type="password"
                    value=""
          />
          <button
                    className="signup-button"
          >
                    SignUp
          </button>
          <div
                    className="button-wrap"
          >
                    <Link
                              replace={false}
                              to="/login"
                    >
                              <button
                                        className="account-redirect"
                              >
                                        Already Have an Account?
                              </button>
                    </Link>
                    <Link
                              replace={false}
                              to="/"
                    >
                              <button
                                        className="home-redirect"
                              >
                                        Home
                              </button>
                    </Link>
          </div>
</form>,
      },
      "ref": null,
      "rendered": Object {
        "instance": null,
        "key": undefined,
        "nodeType": "host",
        "props": Object {
          "children": Array [
            <h2
              className="log-header"
>
              Sign Up
</h2>,
            <input
              className="input-field"
              name="userName"
              onChange={[Function]}
              placeholder="username"
              value=""
/>,
            <input
              className="input-field"
              name="email"
              onChange={[Function]}
              placeholder="email"
              type="email"
              value=""
/>,
            <input
              className="input-field"
              name="password"
              onChange={[Function]}
              placeholder="password"
              type="password"
              value=""
/>,
            <button
              className="signup-button"
>
              SignUp
</button>,
            <div
              className="button-wrap"
>
              <Link
                            replace={false}
                            to="/login"
              >
                            <button
                                          className="account-redirect"
                            >
                                          Already Have an Account?
                            </button>
              </Link>
              <Link
                            replace={false}
                            to="/"
              >
                            <button
                                          className="home-redirect"
                            >
                                          Home
                            </button>
              </Link>
</div>,
          ],
          "className": "user-login",
          "onSubmit": [Function],
        },
        "ref": null,
        "rendered": Array [
          Object {
            "instance": null,
            "key": undefined,
            "nodeType": "host",
            "props": Object {
              "children": "Sign Up",
              "className": "log-header",
            },
            "ref": null,
            "rendered": "Sign Up",
            "type": "h2",
          },
          Object {
            "instance": null,
            "key": undefined,
            "nodeType": "host",
            "props": Object {
              "className": "input-field",
              "name": "userName",
              "onChange": [Function],
              "placeholder": "username",
              "value": "",
            },
            "ref": null,
            "rendered": null,
            "type": "input",
          },
          Object {
            "instance": null,
            "key": undefined,
            "nodeType": "host",
            "props": Object {
              "className": "input-field",
              "name": "email",
              "onChange": [Function],
              "placeholder": "email",
              "type": "email",
              "value": "",
            },
            "ref": null,
            "rendered": null,
            "type": "input",
          },
          Object {
            "instance": null,
            "key": undefined,
            "nodeType": "host",
            "props": Object {
              "className": "input-field",
              "name": "password",
              "onChange": [Function],
              "placeholder": "password",
              "type": "password",
              "value": "",
            },
            "ref": null,
            "rendered": null,
            "type": "input",
          },
          Object {
            "instance": null,
            "key": undefined,
            "nodeType": "host",
            "props": Object {
              "children": "SignUp",
              "className": "signup-button",
            },
            "ref": null,
            "rendered": "SignUp",
            "type": "button",
          },
          Object {
            "instance": null,
            "key": undefined,
            "nodeType": "host",
            "props": Object {
              "children": Array [
                <Link
                  replace={false}
                  to="/login"
>
                  <button
                                    className="account-redirect"
                  >
                                    Already Have an Account?
                  </button>
</Link>,
                <Link
                  replace={false}
                  to="/"
>
                  <button
                                    className="home-redirect"
                  >
                                    Home
                  </button>
</Link>,
                false,
              ],
              "className": "button-wrap",
            },
            "ref": null,
            "rendered": Array [
              Object {
                "instance": null,
                "key": undefined,
                "nodeType": "class",
                "props": Object {
                  "children": <button
                    className="account-redirect"
>
                    Already Have an Account?
</button>,
                  "replace": false,
                  "to": "/login",
                },
                "ref": null,
                "rendered": Object {
                  "instance": null,
                  "key": undefined,
                  "nodeType": "host",
                  "props": Object {
                    "children": "Already Have an Account?",
                    "className": "account-redirect",
                  },
                  "ref": null,
                  "rendered": "Already Have an Account?",
                  "type": "button",
                },
                "type": [Function],
              },
              Object {
                "instance": null,
                "key": undefined,
                "nodeType": "class",
                "props": Object {
                  "children": <button
                    className="home-redirect"
>
                    Home
</button>,
                  "replace": false,
                  "to": "/",
                },
                "ref": null,
                "rendered": Object {
                  "instance": null,
                  "key": undefined,
                  "nodeType": "host",
                  "props": Object {
                    "children": "Home",
                    "className": "home-redirect",
                  },
                  "ref": null,
                  "rendered": "Home",
                  "type": "button",
                },
                "type": [Function],
              },
              false,
            ],
            "type": "div",
          },
        ],
        "type": "form",
      },
      "type": "div",
    },
  ],
  Symbol(enzyme.__options__): Object {
    "adapter": ReactSixteenAdapter {
      "options": Object {
        "enableComponentDidUpdateOnSetState": true,
        "lifecycles": Object {
          "componentDidUpdate": Object {
            "onSetState": true,
          },
          "getDerivedStateFromProps": true,
          "getSnapshotBeforeUpdate": true,
          "setState": Object {
            "skipsComponentDidUpdateOnNullish": true,
          },
        },
      },
    },
    "attachTo": undefined,
    "disableLifecycleMethods": true,
    "hydrateIn": undefined,
  },
}
`;
